a
1
empty list
No match
Moscow
region
empty dict
No match