After background task start
Background task completed