IP Version: 4
Header Length: 20 bytes
Total Length: 20
Protocol: TCP
Source IP: 192 . 168 . 0 . 1
Dest IP: 8 . 8 . 8 . 8