First two: 1 2
Binary rest length: 6
First parts: 1 2
Bitstring rest bits: 12
Size: 5
Data: Hello
Rest:  World