Correct match
Overflow value: 0
Empty matched
Unaligned 7 bits: 1