Valid PNG signature
Chunk Length: 13
Chunk Type: IHDR
Image Width: 100 pixels
Image Height: 50 pixels
Bit Depth: 8
Color Type: RGB
Compression: 0
Filter: 0
Interlace: 0
CRC: 305419896