UTF-8 ASCII matched
Russian UTF-8 matched
Emoji codepoint: 128640
Constructed UTF-8 matches
