Matched UTF-8 codepoints: 72 101 108 108 111
Matched cyrillic UTF-8 codepoints: 1055 1088 1080 1074 1077 1090
