Dynamic construction: 1 2 3 4 5
Flags: 1 0 1
Padding: 0