Integers: 1 2 3
Float 32-bit: 3.140000104904175
Float 64-bit: 2.718
Combined binary: hello world