4-bit values: 1 15
8-bit value: 255
16-bit value: 1000
32-bit value: 100000