4 bits value: 15
32 bits extracted
Integer with unit: 42
Float with unit: 3.14