Empty length: 0
Single byte: *
Three bytes: 1 2 3
String as bytes: h e