Unsigned: 255 127 128
Signed: -1 127 -128
Negative signed: -1 -128 127