Float with complex specifier: <<64,9,33,251,84,68,46,234>>
Decoded float: 3.14159265359
Little-endian float: 2.71828
Float result size: 8 bytes