Binary with unit result: <<104,101,108,108>>
Binary result size: 4 bytes
Decoded bytes: 104 101 108 108
As chars: h e l l
First 4 bytes as int: 1094861636
Second 4 bytes as int: 1162233672