Complex specifier result: <<42,0,0,0>>
Simple specifier result: <<42,0,0,0>>
Results are equivalent: YES
Negative value decoded: -500
Big value decoded: 1000