Inplace pattern matched: 72 101 108 108 111
Qualified pattern matched: 72 105
Rest pattern matched first: 72
Rest pattern matched rest: ello World
